[0m11:10:45.184665 [debug] [MainThread]: Sending event: {'category': 'dbt', 'action': 'invocation', 'label': 'start', 'context': [<snowplow_tracker.self_describing_json.SelfDescribingJson object at 0x000001F562DA9550>, <snowplow_tracker.self_describing_json.SelfDescribingJson object at 0x000001F5654F7ED0>, <snowplow_tracker.self_describing_json.SelfDescribingJson object at 0x000001F5654F7890>]}


============================== 11:10:45.187836 | 727cf219-75c0-43e7-b275-7a47d2c19179 ==============================
[0m11:10:45.187836 [info ] [MainThread]: Running with dbt=1.12.0
[0m11:10:45.188418 [debug] [MainThread]: running dbt with arguments {'static_parser': 'True', 'no_print': 'None', 'maximum_seed_size_mib': '1', 'warn_error_options': 'WarnErrorOptionsV2(error=[], warn=[], silence=[])', 'version_check': 'True', 'target_path': 'None', 'printer_width': '80', 'write_json': 'True', 'empty': 'None', 'log_cache_events': 'False', 'introspect': 'True', 'cache_selected_only': 'False', 'log_format': 'default', 'debug': 'False', 'fail_fast': 'False', 'profiles_dir': 'C:\\Users\\cpaul\\.dbt', 'send_anonymous_usage_stats': 'True', 'quiet': 'False', 'warn_error': 'None', 'partial_parse': 'True', 'invocation_command': 'dbt init my_project', 'hints_enabled': 'True', 'use_colors': 'True', 'use_experimental_parser': 'False', 'indirect_selection': 'eager', 'log_path': 'logs'}
[0m11:10:45.223492 [debug] [MainThread]: Starter project path: C:\Users\cpaul\OneDrive\Documente\levi9_practice_repos\week_4_solo_project\.venv\Lib\site-packages\dbt\include\starter_project
[0m11:10:45.234484 [info ] [MainThread]: Setting up your profile.
[0m11:10:48.434547 [info ] [MainThread]: Running dbt debug to validate the project...
[0m11:10:48.435729 [info ] [MainThread]: dbt version: 1.12.0
[0m11:10:48.436366 [info ] [MainThread]: python version: 3.13.7
[0m11:10:48.436889 [info ] [MainThread]: python path: C:\Users\cpaul\OneDrive\Documente\levi9_practice_repos\week_4_solo_project\.venv\Scripts\python.exe
[0m11:10:48.437173 [info ] [MainThread]: os info: Windows-11-10.0.26200-SP0
[0m11:10:48.485937 [info ] [MainThread]: Using profiles dir at C:\Users\cpaul\.dbt
[0m11:10:48.486651 [info ] [MainThread]: Using profiles.yml file at C:\Users\cpaul\.dbt\profiles.yml
[0m11:10:48.487349 [info ] [MainThread]: Using dbt_project.yml file at C:\Users\cpaul\OneDrive\Documente\levi9_practice_repos\week_4_solo_project\my_project\dbt_project.yml
[0m11:10:48.489698 [info ] [MainThread]: adapter type: duckdb
[0m11:10:48.489982 [info ] [MainThread]: adapter version: 1.10.1
[0m11:10:48.564297 [info ] [MainThread]: Configuration:
[0m11:10:48.565070 [info ] [MainThread]:   profiles.yml file [[32mOK found and valid[0m]
[0m11:10:48.565704 [info ] [MainThread]:   dbt_project.yml file [[32mOK found and valid[0m]
[0m11:10:48.566276 [info ] [MainThread]: Required dependencies:
[0m11:10:48.566842 [debug] [MainThread]: Executing "git --help"
[0m11:10:48.603767 [debug] [MainThread]: STDOUT: "b"usage: git [-v | --version] [-h | --help] [-C <path>] [-c <name>=<value>]\n           [--exec-path[=<path>]] [--html-path] [--man-path] [--info-path]\n           [-p | --paginate | -P | --no-pager] [--no-replace-objects] [--no-lazy-fetch]\n           [--no-optional-locks] [--no-advice] [--bare] [--git-dir=<path>]\n           [--work-tree=<path>] [--namespace=<name>] [--config-env=<name>=<envvar>]\n           <command> [<args>]\n\nThese are common Git commands used in various situations:\n\nstart a working area (see also: git help tutorial)\n   clone      Clone a repository into a new directory\n   init       Create an empty Git repository or reinitialize an existing one\n\nwork on the current change (see also: git help everyday)\n   add        Add file contents to the index\n   mv         Move or rename a file, a directory, or a symlink\n   restore    Restore working tree files\n   rm         Remove files from the working tree and from the index\n\nexamine the history and state (see also: git help revisions)\n   bisect     Use binary search to find the commit that introduced a bug\n   diff       Show changes between commits, commit and working tree, etc\n   grep       Print lines matching a pattern\n   log        Show commit logs\n   show       Show various types of objects\n   status     Show the working tree status\n\ngrow, mark and tweak your common history\n   backfill   Download missing objects in a partial clone\n   branch     List, create, or delete branches\n   commit     Record changes to the repository\n   merge      Join two or more development histories together\n   rebase     Reapply commits on top of another base tip\n   reset      Set `HEAD` or the index to a known state\n   switch     Switch branches\n   tag        Create, list, delete or verify tags\n\ncollaborate (see also: git help workflows)\n   fetch      Download objects and refs from another repository\n   pull       Fetch from and integrate with another repository or a local branch\n   push       Update remote refs along with associated objects\n\n'git help -a' and 'git help -g' list available subcommands and some\nconcept guides. See 'git help <command>' or 'git help <concept>'\nto read about a specific subcommand or concept.\nSee 'git help git' for an overview of the system.\n""
[0m11:10:48.604158 [debug] [MainThread]: STDERR: "b''"
[0m11:10:48.604468 [info ] [MainThread]:  - git [[32mOK found[0m]

[0m11:10:48.604722 [info ] [MainThread]: Connection:
[0m11:10:48.604928 [info ] [MainThread]:   database: dev
[0m11:10:48.605249 [info ] [MainThread]:   schema: main
[0m11:10:48.605571 [info ] [MainThread]:   path: dev.duckdb
[0m11:10:48.605906 [info ] [MainThread]:   config_options: None
[0m11:10:48.606125 [info ] [MainThread]:   extensions: None
[0m11:10:48.606553 [info ] [MainThread]:   settings: {}
[0m11:10:48.607028 [info ] [MainThread]:   external_root: .
[0m11:10:48.607420 [info ] [MainThread]:   use_credential_provider: None
[0m11:10:48.607780 [info ] [MainThread]:   attach: None
[0m11:10:48.608219 [info ] [MainThread]:   filesystems: None
[0m11:10:48.608737 [info ] [MainThread]:   remote: None
[0m11:10:48.609142 [info ] [MainThread]:   plugins: None
[0m11:10:48.609510 [info ] [MainThread]:   disable_transactions: False
[0m11:10:48.609989 [info ] [MainThread]: Registered adapter: duckdb=1.10.1
[0m11:10:48.802243 [debug] [MainThread]: Acquiring new duckdb connection 'debug'
[0m11:10:48.844132 [debug] [MainThread]: Using duckdb connection "debug"
[0m11:10:48.844419 [debug] [MainThread]: On debug: select 1 as id
[0m11:10:48.844582 [debug] [MainThread]: Opening a new connection, currently in state init
[0m11:10:48.857444 [debug] [MainThread]: SQL status: OK in 0.013 seconds
[0m11:10:48.858185 [debug] [MainThread]: On debug: Close
[0m11:10:48.858437 [info ] [MainThread]:   Connection test: [[32mOK connection ok[0m]

[0m11:10:48.858828 [info ] [MainThread]: [32mAll checks passed![0m
[0m11:10:48.859228 [info ] [MainThread]: Your new dbt project "my_project" was created!
Initialized new project in C:\Users\cpaul\OneDrive\Documente\levi9_practice_repos\week_4_solo_project\my_project\my_project

For more information on how to configure the profiles.yml file,
please consult the dbt documentation here:

  https://docs.getdbt.com/docs/configure-your-profile

One more thing:

Need help? Don't hesitate to reach out to us via GitHub issues or on Slack:

  https://community.getdbt.com/

Happy modeling!

[0m11:10:48.860016 [debug] [MainThread]: Command `dbt init` succeeded at 11:10:48.859931 after 3.81 seconds
[0m11:10:48.860212 [debug] [MainThread]: Connection 'debug' was properly closed.
[0m11:10:48.860405 [debug] [MainThread]: Sending event: {'category': 'dbt', 'action': 'invocation', 'label': 'end', 'context': [<snowplow_tracker.self_describing_json.SelfDescribingJson object at 0x000001F5657EA9E0>, <snowplow_tracker.self_describing_json.SelfDescribingJson object at 0x000001F5653C5B50>, <snowplow_tracker.self_describing_json.SelfDescribingJson object at 0x000001F565825040>]}
[0m11:10:48.860666 [debug] [MainThread]: Flushing usage events
[0m11:10:49.734134 [debug] [MainThread]: An error was encountered while trying to flush usage events
